// Jest Snapshot v1, https://goo.gl/fbAQLP

exports[`real canonical program-content coverage matches exact stable-key expectations for every real en seed 1`] = `
{
  "exerciseLabels": {
    "abs": "Abdominals",
    "apert": "Dumbbell fly",
    "barbell_rdl": "Barbell Romanian deadlift",
    "bench": "Bench press",
    "bench-bands": "Band bench press",
    "bench-chains": "Chain bench press",
    "bench-close-grip": "Close-grip bench press",
    "bench-middle-grip": "Medium-grip bench press",
    "bench-slingshot": "Slingshot bench press",
    "bench_board": "Board press",
    "bench_machine": "Machine bench press",
    "bench_pin": "Pin bench press",
    "bench_press_barbell": "Barbell bench press",
    "bench_pushups": "Bench-supported push-up",
    "bent_over_row": "Bent-over row",
    "biceps": "Biceps",
    "board-press": "Board press",
    "bulgarian_split_squat": "Bulgarian split squat",
    "bulgarian_split_squat_slow": "Slow Bulgarian split squat",
    "cable_pull_through": "Cable pull-through",
    "cable_upright_row": "Cable upright row",
    "calf_raise_proprioceptive": "Proprioceptive calf raise",
    "cruces": "Cable crossover",
    "curl_alt": "Alternating dumbbell curl",
    "curl_bar": "Barbell curl",
    "curl_elastico": "Band curl",
    "curl_fem": "Leg curl",
    "curl_mart": "Hammer curl",
    "dbrow": "Dumbbell row",
    "deadlift": "Deadlift",
    "deadlift-above-knees-blocks": "Above-knee block deadlift",
    "deadlift-bands": "Band deadlift",
    "deadlift-blocks": "Block deadlift",
    "deadlift-blocks-chains": "Block deadlift with chains",
    "deadlift-chains": "Chain deadlift",
    "deadlift-knees-full": "Deadlift to knees plus full deadlift",
    "deadlift-pause-below-above": "Deadlift paused below and above the knees",
    "deadlift-pause-knees": "Deadlift paused at the knees",
    "deadlift-plus-below-knees": "Deadlift plus pull from below the knees",
    "deadlift-snatch-grip": "Snatch-grip deadlift",
    "deadlift_barbell": "Barbell deadlift",
    "deadlift_elevated": "Elevated deadlift",
    "deadlift_isometric": "Isometric deadlift",
    "deadlift_partial_blocks": "Partial deadlift from blocks",
    "decline-bench": "Decline bench press",
    "deficit-deadlift": "Deficit deadlift",
    "dips": "Parallel-bar dip",
    "dumbbell-bench": "Dumbbell bench press",
    "dumbbell_rdl": "Dumbbell Romanian deadlift",
    "elev_front": "Front raise",
    "elev_lat": "Lateral raise",
    "elev_post": "Rear-delt raise",
    "ext_polea": "Cable triceps extension",
    "ext_quad": "Leg extension",
    "face_pull": "Face pull",
    "french-press": "French press",
    "french_press_band": "Band French press",
    "french_press_bench": "Bench French press",
    "front-delts": "Front delts",
    "front-squat": "Front squat",
    "front_squat": "Front squat",
    "gemelo_pie": "Standing calf raise",
    "gemelo_sent": "Seated calf raise",
    "gironda_row": "Gironda row",
    "goodmorning": "Good morning",
    "goodmorning-seated": "Seated good morning",
    "hack_squat": "Hack squat",
    "hammer_curl": "Hammer curl",
    "hip_thrust": "Hip thrust",
    "horizontal_leg_press": "Horizontal leg press",
    "hyperextension": "Hyperextension",
    "hyperextensions": "Hyperextensions",
    "incline-shoulder-press": "Seated incline shoulder press",
    "incline_bench": "Incline barbell press",
    "incline_curl": "Incline curl",
    "incline_db_press": "Incline dumbbell press",
    "incline_leg_press": "Incline leg press",
    "incline_machine_press": "Incline machine press",
    "incline_press_smith": "Smith-machine incline press",
    "incline_row": "Incline dumbbell row",
    "jalon": "Lat pulldown",
    "lat_pulldown": "Lat pulldown",
    "lat_pulldown_neutral": "Neutral-grip lat pulldown",
    "lateral_raise": "Lateral raise",
    "lateral_raise_band": "Band lateral raise",
    "lateral_raise_seated": "Seated lateral raise",
    "latpulldown": "Lat pulldown",
    "lats": "Lats",
    "leg-curls": "Leg curl",
    "leg-extensions": "Leg extension",
    "leg-press": "Leg press",
    "leg_curl_prone": "Prone leg curl",
    "leg_press_gem": "Leg-press calf raise",
    "leg_press_isometric": "Isometric leg press",
    "lying_bicep_curl": "Lying biceps curl",
    "machine_lat_pulldown": "Machine lat pulldown",
    "machine_preacher_curl": "Machine preacher curl",
    "machine_row": "Machine row",
    "medial-delts": "Lateral delts",
    "ohp": "Overhead press",
    "one_arm_row": "One-arm dumbbell row",
    "paused-bench-2s": "2-second paused bench press",
    "paused-bench-3s": "3-second paused bench press",
    "paused-squat-2s": "2-second paused squat",
    "pec_deck": "Pec deck",
    "pecs": "Pectorals",
    "pin_squat": "Pin squat",
    "plank": "Plank",
    "prensa": "Leg press",
    "press_franc": "French press",
    "press_mil": "Overhead press",
    "pulley_band_seated": "Seated band row",
    "pullup": "Pull-up",
    "pushup_isometric": "Isometric push-up",
    "rear-delts": "Rear delts",
    "rear_delt_band": "Band rear-delt raise",
    "remo_bar": "Barbell row",
    "reverse-hyperextensions": "Reverse hyperextensions",
    "reverse_plank": "Reverse plank",
    "seal_row": "Seal row",
    "seated-rowing": "Seated row",
    "seated_leg_curl": "Seated leg curl",
    "seated_row": "Seated row",
    "shoulder_press_machine": "Machine shoulder press",
    "sit_up_decline": "Decline sit-up",
    "skullcrusher": "Lying triceps extension",
    "speed-bench": "Speed bench press",
    "squat": "Squat",
    "squat-chains": "Chain squat",
    "squat-pause-halfway-down": "Squat paused halfway down",
    "squat_barbell": "Barbell squat",
    "squat_bodyweight": "Bodyweight squat",
    "standing_calf_raise": "Standing calf raise",
    "t_bar_row": "T-bar row",
    "triceps-pushdowns": "Triceps pushdown",
    "triceps-standing": "Standing triceps extension",
    "triceps_extension": "Triceps extension",
    "triceps_pushdown": "Triceps pushdown",
    "zancadas": "Lunge",
  },
  "seeds": {
    "365-programmare-lipertrofia": {
      "exerciseIds": [
        "apert",
        "bench",
        "bench_board",
        "bench_pin",
        "bulgarian_split_squat",
        "curl_elastico",
        "curl_fem",
        "deadlift",
        "deadlift_elevated",
        "deadlift_partial_blocks",
        "ext_quad",
        "french_press_band",
        "front_squat",
        "gemelo_pie",
        "incline_db_press",
        "lateral_raise_seated",
        "one_arm_row",
        "pin_squat",
        "prensa",
        "rear_delt_band",
        "seal_row",
        "squat",
      ],
      "fields": {
        "acc_incline_db_press": "Incline dumbbell press",
        "acc_one_arm_row": "One-arm dumbbell row",
        "acc_seal_row": "Seal row",
        "bench_jaw_b1_tm": "Bench press · block 1 training max",
        "bench_jaw_b2_tm": "Bench press · block 2 training max",
        "bench_jaw_b3_tm": "Bench press · block 3 training max",
        "bench_tm": "Bench press · training max",
        "deadlift_jaw_b1_tm": "Deadlift · block 1 training max",
        "deadlift_jaw_b2_tm": "Deadlift · block 2 training max",
        "deadlift_jaw_b3_tm": "Deadlift · block 3 training max",
        "deadlift_tm": "Deadlift · training max",
        "fz_bench_start": "Bench press · Zero Phase starting weight",
        "fz_deadlift_start": "Deadlift · Zero Phase starting weight",
        "fz_squat_start": "Squat · Zero Phase starting weight",
        "squat_jaw_b1_tm": "Squat · block 1 training max",
        "squat_jaw_b2_tm": "Squat · block 2 training max",
        "squat_jaw_b3_tm": "Squat · block 3 training max",
        "squat_tm": "Squat · training max",
      },
      "options": {},
    },
    "531-boring-but-big": {
      "exerciseIds": [
        "bench",
        "deadlift",
        "ohp",
        "squat",
      ],
      "fields": {
        "bench_tm": "Bench press · training max",
        "deadlift_tm": "Deadlift · training max",
        "ohp_tm": "Overhead press · training max",
        "squat_tm": "Squat · training max",
      },
      "options": {},
    },
    "531-for-beginners": {
      "exerciseIds": [
        "bench",
        "deadlift",
        "ohp",
        "squat",
      ],
      "fields": {
        "bench_tm": "Bench press · training max",
        "deadlift_tm": "Deadlift · training max",
        "ohp_tm": "Overhead press · training max",
        "squat_tm": "Squat · training max",
      },
      "options": {},
    },
    "caparazon-de-tortuga": {
      "exerciseIds": [
        "bench_press_barbell",
        "bench_pushups",
        "bulgarian_split_squat_slow",
        "calf_raise_proprioceptive",
        "deadlift_barbell",
        "deadlift_isometric",
        "deadlift_partial_blocks",
        "french_press_bench",
        "hyperextension",
        "lateral_raise_band",
        "leg_curl_prone",
        "leg_press_isometric",
        "plank",
        "pulley_band_seated",
        "pushup_isometric",
        "rear_delt_band",
        "reverse_plank",
        "sit_up_decline",
        "squat_barbell",
        "squat_bodyweight",
      ],
      "fields": {
        "bench_start": "Bench press · starting weight in week 5",
        "bodyweight": "Bodyweight",
        "deadlift_start": "Deadlift · starting weight in week 5",
        "gender": "Sex used to calculate targets",
        "rounding": "Weight rounding",
        "squat_start": "Squat · starting weight in week 5",
      },
      "options": {
        "gender:female": "Female · target: 70% of bodyweight on the bar",
        "gender:male": "Male · target: 100% of bodyweight on the bar",
        "rounding:1.25": "1.25 kg",
        "rounding:2.5": "2.5 kg",
      },
    },
    "furia-oscura": {
      "exerciseIds": [
        "barbell_rdl",
        "bench_machine",
        "bulgarian_split_squat",
        "cable_upright_row",
        "cruces",
        "curl_fem",
        "dbrow",
        "dips",
        "ext_quad",
        "face_pull",
        "gemelo_sent",
        "gironda_row",
        "hack_squat",
        "hammer_curl",
        "hip_thrust",
        "horizontal_leg_press",
        "incline_leg_press",
        "incline_machine_press",
        "incline_press_smith",
        "lat_pulldown_neutral",
        "lateral_raise",
        "leg_press_gem",
        "machine_lat_pulldown",
        "machine_preacher_curl",
        "machine_row",
        "pec_deck",
        "shoulder_press_machine",
        "skullcrusher",
        "t_bar_row",
        "triceps_extension",
      ],
      "fields": {
        "barbell_rdl_legs_a": "Barbell Romanian deadlift · Legs A",
        "bench_machine_push_a": "Machine bench press · Push A",
        "bulgarian_split_squat_legs_a": "Bulgarian split squat · Legs A",
        "cable_upright_row_pull_b": "Cable upright row · Pull B",
        "cruces_push_b": "Cable crossover · Push B",
        "curl_fem_legs_b": "Leg curl · Legs B",
        "dbrow_pull_b": "Dumbbell row · Pull B",
        "dips_push_b": "Parallel-bar dip · Push B",
        "ext_quad_legs_a": "Leg extension · Legs A",
        "face_pull_pull_a": "Face pull · Pull A",
        "gemelo_sent_legs_a": "Seated calf raise · Legs A",
        "gironda_row_pull_a": "Gironda row · Pull A",
        "hack_squat_legs_b": "Hack squat · Legs B",
        "hammer_curl_pull_b": "Hammer curl · Pull B",
        "hip_thrust_legs_b": "Hip thrust · Legs B",
        "horizontal_leg_press_legs_b": "Horizontal leg press · Legs B",
        "incline_leg_press_legs_a": "Incline leg press · Legs A",
        "incline_machine_press_push_b": "Incline machine press · Push B",
        "incline_press_smith_push_a": "Smith-machine incline press · Push A",
        "lat_pulldown_neutral_pull_a": "Neutral-grip lat pulldown · Pull A",
        "lateral_raise_push_a": "Lateral raise · Push A",
        "leg_press_gem_legs_b": "Leg-press calf raise · Legs B",
        "machine_lat_pulldown_pull_b": "Machine lat pulldown · Pull B",
        "machine_preacher_curl_pull_a": "Machine preacher curl · Pull A",
        "machine_row_pull_a": "Machine row · Pull A",
        "pec_deck_push_a": "Pec deck · Push A",
        "shoulder_press_machine_push_b": "Machine shoulder press · Push B",
        "skullcrusher_push_b": "Lying triceps extension · Push B",
        "t_bar_row_pull_b": "T-bar row · Pull B",
        "triceps_extension_push_a": "Triceps extension · Push A",
      },
      "options": {},
    },
    "gzclp": {
      "exerciseIds": [
        "bench",
        "dbrow",
        "deadlift",
        "latpulldown",
        "ohp",
        "squat",
      ],
      "fields": {
        "bench": "Bench press",
        "dbrow": "Dumbbell row",
        "deadlift": "Deadlift",
        "latpulldown": "Lat pulldown",
        "ohp": "Overhead press",
        "squat": "Squat",
      },
      "options": {},
    },
    "hexan-ppl": {
      "exerciseIds": [
        "barbell_rdl",
        "bench",
        "bent_over_row",
        "bulgarian_split_squat",
        "cable_pull_through",
        "deadlift",
        "dumbbell_rdl",
        "face_pull",
        "hammer_curl",
        "incline_curl",
        "incline_db_press",
        "incline_row",
        "lat_pulldown",
        "lateral_raise",
        "lying_bicep_curl",
        "ohp",
        "pullup",
        "seated_leg_curl",
        "seated_row",
        "squat",
        "standing_calf_raise",
        "triceps_extension",
        "triceps_pushdown",
      ],
      "fields": {
        "barbell_rdl": "Barbell Romanian deadlift",
        "bench_tm": "Bench press · training max",
        "bent_over_row": "Bent-over row",
        "bulgarian_split_squat": "Bulgarian split squat",
        "cable_pull_through": "Cable pull-through",
        "deadlift_tm": "Deadlift · training max",
        "dumbbell_rdl": "Dumbbell Romanian deadlift",
        "face_pull": "Face pull",
        "hammer_curl_a": "Hammer curl · Pull A",
        "hammer_curl_b": "Hammer curl · Pull B",
        "incline_curl": "Incline curl",
        "incline_db_press": "Incline dumbbell press",
        "incline_row": "Incline dumbbell row",
        "lat_pulldown": "Lat pulldown",
        "lateral_raise": "Lateral raise",
        "lying_bicep_curl": "Lying biceps curl",
        "ohp_tm": "Overhead press · training max",
        "pullup_tm": "Pull-up · training max",
        "seated_leg_curl": "Seated leg curl",
        "seated_row": "Seated row",
        "squat_tm": "Squat · training max",
        "standing_calf_raise": "Standing calf raise",
        "triceps_extension": "Triceps extension",
        "triceps_pushdown": "Triceps pushdown",
      },
      "options": {},
    },
    "la-sala-del-tiempo": {
      "exerciseIds": [
        "apert",
        "bench",
        "bench_board",
        "bench_pin",
        "bulgarian_split_squat",
        "curl_elastico",
        "curl_fem",
        "deadlift",
        "deadlift_elevated",
        "deadlift_partial_blocks",
        "ext_quad",
        "french_press_band",
        "front_squat",
        "incline_db_press",
        "lateral_raise_seated",
        "one_arm_row",
        "pin_squat",
        "prensa",
        "rear_delt_band",
        "seal_row",
        "squat",
      ],
      "fields": {
        "acc_incline_db_press": "Incline dumbbell press",
        "acc_one_arm_row": "One-arm dumbbell row",
        "acc_seal_row": "Seal row",
        "bench_jaw_b1_tm": "Bench press · block 1 training max",
        "bench_jaw_b2_tm": "Bench press · block 2 training max",
        "bench_jaw_b3_tm": "Bench press · block 3 training max",
        "bench_tm": "Bench press · training max",
        "deadlift_jaw_b1_tm": "Deadlift · block 1 training max",
        "deadlift_jaw_b2_tm": "Deadlift · block 2 training max",
        "deadlift_jaw_b3_tm": "Deadlift · block 3 training max",
        "deadlift_tm": "Deadlift · training max",
        "squat_jaw_b1_tm": "Squat · block 1 training max",
        "squat_jaw_b2_tm": "Squat · block 2 training max",
        "squat_jaw_b3_tm": "Squat · block 3 training max",
        "squat_tm": "Squat · training max",
      },
      "options": {},
    },
    "nivel-7": {
      "exerciseIds": [
        "apert",
        "bench",
        "cruces",
        "curl_alt",
        "curl_bar",
        "curl_fem",
        "curl_mart",
        "deadlift",
        "elev_front",
        "elev_lat",
        "elev_post",
        "ext_polea",
        "ext_quad",
        "face_pull",
        "gemelo_pie",
        "gemelo_sent",
        "hip_thrust",
        "jalon",
        "leg_press_gem",
        "prensa",
        "press_franc",
        "press_mil",
        "remo_bar",
        "squat",
        "zancadas",
      ],
      "fields": {
        "apert": "Dumbbell fly",
        "bench": "Bench press · week 6 target record",
        "cruces": "Cable crossover",
        "curl_alt": "Alternating dumbbell curl",
        "curl_bar": "Barbell curl",
        "curl_fem": "Leg curl",
        "curl_mart": "Hammer curl",
        "deadlift": "Deadlift · week 6 target record",
        "elev_front": "Front raise",
        "elev_lat": "Lateral raise",
        "elev_post": "Rear-delt raise",
        "ext_polea": "Cable triceps extension",
        "ext_quad": "Leg extension",
        "face_pull": "Face pull",
        "gemelo_pie": "Standing calf raise",
        "gemelo_sent": "Seated calf raise",
        "hip_thrust": "Hip thrust",
        "jalon": "Lat pulldown",
        "leg_press_gem": "Leg-press calf raise",
        "prensa": "Leg press",
        "press_franc": "French press",
        "press_mil": "Overhead press · week 6 target record",
        "remo_bar": "Barbell row",
        "squat": "Squat · week 6 target record",
        "zancadas": "Lunge",
      },
      "options": {},
    },
    "phraks-greyskull-lp": {
      "exerciseIds": [
        "bench",
        "bent_over_row",
        "deadlift",
        "ohp",
        "pullup",
        "squat",
      ],
      "fields": {
        "bench": "Bench press",
        "bent_over_row": "Bent-over row",
        "deadlift": "Deadlift",
        "ohp": "Overhead press",
        "pullup": "Pull-up · added weight",
        "squat": "Squat",
      },
      "options": {},
    },
    "phul": {
      "exerciseIds": [
        "apert",
        "bench",
        "bent_over_row",
        "curl_bar",
        "curl_fem",
        "dbrow",
        "deadlift",
        "ext_quad",
        "front_squat",
        "gemelo_sent",
        "incline_bench",
        "incline_curl",
        "incline_db_press",
        "lat_pulldown",
        "lateral_raise",
        "leg_press_gem",
        "ohp",
        "prensa",
        "seated_row",
        "skullcrusher",
        "squat",
        "standing_calf_raise",
        "triceps_extension",
        "zancadas",
      ],
      "fields": {
        "apert": "Dumbbell fly",
        "bench": "Bench press",
        "bent_over_row": "Bent-over row",
        "curl_bar": "Barbell curl",
        "curl_fem_hyp": "Leg curl · hypertrophy",
        "curl_fem_power": "Leg curl · power",
        "dbrow": "Dumbbell row",
        "deadlift": "Deadlift",
        "ext_quad": "Leg extension",
        "front_squat": "Front squat",
        "gemelo_sent": "Seated calf raise",
        "incline_bench": "Incline barbell press",
        "incline_curl": "Incline curl",
        "incline_db_press": "Incline dumbbell press",
        "lat_pulldown": "Lat pulldown",
        "lateral_raise": "Lateral raise",
        "leg_press_gem": "Leg-press calf raise",
        "ohp": "Overhead press",
        "prensa": "Leg press",
        "seated_row": "Seated row",
        "skullcrusher": "Lying triceps extension",
        "squat": "Squat",
        "standing_calf_raise": "Standing calf raise",
        "triceps_extension": "Triceps extension",
        "zancadas": "Lunge",
      },
      "options": {},
    },
    "sala-del-tiempo-1": {
      "exerciseIds": [
        "apert",
        "bench",
        "bench_board",
        "bench_pin",
        "deadlift",
        "deadlift_partial_blocks",
        "incline_db_press",
        "one_arm_row",
        "pin_squat",
        "squat",
      ],
      "fields": {
        "acc_incline_db_press": "Incline dumbbell press",
        "acc_one_arm_row": "One-arm dumbbell row",
        "acc_seal_row": "Seal row",
        "bench_tm": "Bench press · training max",
        "deadlift_tm": "Deadlift · training max",
        "squat_tm": "Squat · training max",
      },
      "options": {},
    },
    "sala-del-tiempo-2": {
      "exerciseIds": [
        "apert",
        "bench",
        "bench_board",
        "bench_pin",
        "deadlift",
        "deadlift_elevated",
        "incline_db_press",
        "one_arm_row",
        "pin_squat",
        "squat",
      ],
      "fields": {
        "acc_incline_db_press": "Incline dumbbell press",
        "acc_one_arm_row": "One-arm dumbbell row",
        "acc_seal_row": "Seal row",
        "bench_tm": "Bench press · training max",
        "deadlift_tm": "Deadlift · training max",
        "squat_tm": "Squat · training max",
      },
      "options": {},
    },
    "sala-del-tiempo-3": {
      "exerciseIds": [
        "bench",
        "bulgarian_split_squat",
        "curl_elastico",
        "deadlift",
        "deadlift_elevated",
        "french_press_band",
        "incline_db_press",
        "rear_delt_band",
        "seal_row",
        "squat",
      ],
      "fields": {
        "acc_incline_db_press": "Incline dumbbell press",
        "acc_one_arm_row": "One-arm dumbbell row",
        "acc_seal_row": "Seal row",
        "bench_jaw_b1_tm": "Bench press · block 1 training max",
        "bench_jaw_b2_tm": "Bench press · block 2 training max",
        "bench_jaw_b3_tm": "Bench press · block 3 training max",
        "deadlift_jaw_b1_tm": "Deadlift · block 1 training max",
        "deadlift_jaw_b2_tm": "Deadlift · block 2 training max",
        "deadlift_jaw_b3_tm": "Deadlift · block 3 training max",
        "squat_jaw_b1_tm": "Squat · block 1 training max",
        "squat_jaw_b2_tm": "Squat · block 2 training max",
        "squat_jaw_b3_tm": "Squat · block 3 training max",
      },
      "options": {},
    },
    "stronglifts-5x5": {
      "exerciseIds": [
        "bench",
        "bent_over_row",
        "deadlift",
        "ohp",
        "squat",
      ],
      "fields": {
        "bench": "Bench press",
        "bent_over_row": "Bent-over row",
        "deadlift": "Deadlift",
        "ohp": "Overhead press",
        "squat": "Squat",
      },
      "options": {},
    },
    "tenkaichi-budokai-peso-muerto": {
      "exerciseIds": [
        "abs",
        "bench",
        "bench-bands",
        "bench-chains",
        "bench-slingshot",
        "board-press",
        "deadlift",
        "deadlift-bands",
        "deadlift-blocks",
        "deadlift-blocks-chains",
        "deadlift-chains",
        "deadlift-knees-full",
        "deadlift-pause-knees",
        "deadlift-plus-below-knees",
        "deadlift-snatch-grip",
        "decline-bench",
        "deficit-deadlift",
        "dumbbell-bench",
        "front-delts",
        "goodmorning",
        "goodmorning-seated",
        "hyperextensions",
        "incline-shoulder-press",
        "lats",
        "leg-curls",
        "leg-extensions",
        "leg-press",
        "medial-delts",
        "paused-bench-2s",
        "paused-bench-3s",
        "paused-squat-2s",
        "pecs",
        "reverse-hyperextensions",
        "speed-bench",
        "squat",
        "squat-chains",
        "squat-pause-halfway-down",
        "triceps-pushdowns",
        "triceps-standing",
      ],
      "fields": {
        "bench1rm": "Bench press · 1RM",
        "deadlift1rm": "Deadlift · 1RM",
        "rounding": "Weight rounding",
        "squat1rm": "Squat · 1RM",
      },
      "options": {
        "rounding:1.25": "1.25 kg",
        "rounding:2.5": "2.5 kg",
      },
    },
    "tenkaichi-budokai-press-banca": {
      "exerciseIds": [
        "abs",
        "bench",
        "bench-bands",
        "bench-chains",
        "bench-slingshot",
        "board-press",
        "deadlift",
        "deadlift-blocks",
        "deadlift-blocks-chains",
        "deadlift-chains",
        "deadlift-knees-full",
        "deadlift-pause-knees",
        "deadlift-plus-below-knees",
        "decline-bench",
        "deficit-deadlift",
        "dumbbell-bench",
        "front-delts",
        "goodmorning",
        "goodmorning-seated",
        "hyperextensions",
        "incline-shoulder-press",
        "lats",
        "leg-curls",
        "leg-extensions",
        "leg-press",
        "medial-delts",
        "paused-bench-2s",
        "paused-bench-3s",
        "paused-squat-2s",
        "pecs",
        "reverse-hyperextensions",
        "speed-bench",
        "squat",
        "squat-chains",
        "squat-pause-halfway-down",
        "triceps-pushdowns",
        "triceps-standing",
      ],
      "fields": {
        "bench1rm": "Bench press · 1RM",
        "deadlift1rm": "Deadlift · 1RM",
        "rounding": "Weight rounding",
        "squat1rm": "Squat · 1RM",
      },
      "options": {
        "rounding:1.25": "1.25 kg",
        "rounding:2.5": "2.5 kg",
      },
    },
    "tenkaichi-budokai-sentadilla": {
      "exerciseIds": [
        "abs",
        "bench",
        "bench-bands",
        "bench-chains",
        "bench-slingshot",
        "board-press",
        "deadlift",
        "deadlift-bands",
        "deadlift-blocks",
        "deadlift-chains",
        "deadlift-knees-full",
        "deadlift-pause-knees",
        "deadlift-plus-below-knees",
        "deficit-deadlift",
        "dumbbell-bench",
        "front-delts",
        "goodmorning",
        "goodmorning-seated",
        "hyperextensions",
        "incline-shoulder-press",
        "lats",
        "leg-curls",
        "leg-extensions",
        "leg-press",
        "medial-delts",
        "paused-bench-2s",
        "paused-bench-3s",
        "paused-squat-2s",
        "pecs",
        "reverse-hyperextensions",
        "squat",
        "squat-chains",
        "squat-pause-halfway-down",
        "triceps-pushdowns",
        "triceps-standing",
      ],
      "fields": {
        "bench1rm": "Bench press · 1RM",
        "deadlift1rm": "Deadlift · 1RM",
        "rounding": "Weight rounding",
        "squat1rm": "Squat · 1RM",
      },
      "options": {
        "rounding:1.25": "1.25 kg",
        "rounding:2.5": "2.5 kg",
      },
    },
    "tenkaichi-budokai-solo-banca": {
      "exerciseIds": [
        "abs",
        "bench",
        "bench-bands",
        "bench-chains",
        "bench-slingshot",
        "biceps",
        "board-press",
        "dips",
        "dumbbell-bench",
        "front-delts",
        "goodmorning",
        "goodmorning-seated",
        "hyperextensions",
        "incline-shoulder-press",
        "lats",
        "leg-extensions",
        "leg-press",
        "medial-delts",
        "paused-bench-2s",
        "paused-bench-3s",
        "pecs",
        "rear-delts",
        "reverse-hyperextensions",
        "seated-rowing",
        "speed-bench",
        "squat",
        "triceps-pushdowns",
        "triceps-standing",
      ],
      "fields": {
        "bench1rm": "Bench press · 1RM",
        "rounding": "Weight rounding",
      },
      "options": {
        "rounding:1.25": "1.25 kg",
        "rounding:2.5": "2.5 kg",
      },
    },
    "tenkaichi-budokai-veterano": {
      "exerciseIds": [
        "abs",
        "bench",
        "bench-chains",
        "bench-close-grip",
        "bench-middle-grip",
        "board-press",
        "deadlift",
        "deadlift-above-knees-blocks",
        "deadlift-blocks",
        "deadlift-blocks-chains",
        "deadlift-chains",
        "deadlift-pause-below-above",
        "deadlift-pause-knees",
        "deadlift-plus-below-knees",
        "deficit-deadlift",
        "dips",
        "dumbbell-bench",
        "french-press",
        "front-squat",
        "goodmorning",
        "goodmorning-seated",
        "hyperextensions",
        "incline-shoulder-press",
        "lats",
        "leg-extensions",
        "leg-press",
        "medial-delts",
        "pecs",
        "reverse-hyperextensions",
        "squat",
        "squat-pause-halfway-down",
        "triceps-standing",
      ],
      "fields": {
        "bench1rm": "Bench press · 1RM",
        "deadlift1rm": "Deadlift · 1RM",
        "rounding": "Weight rounding",
        "squat1rm": "Squat · 1RM",
      },
      "options": {
        "rounding:1.25": "1.25 kg",
        "rounding:2.5": "2.5 kg",
      },
    },
  },
}
`;

exports[`real canonical program-content coverage matches exact stable-key expectations for every real es seed 1`] = `
{
  "exerciseLabels": {
    "abs": "Abdominales",
    "apert": "Aperturas con mancuernas",
    "barbell_rdl": "Peso muerto rumano con barra",
    "bench": "Press banca",
    "bench-bands": "Press banca con bandas",
    "bench-chains": "Press banca con cadenas",
    "bench-close-grip": "Press banca con agarre cerrado",
    "bench-middle-grip": "Press banca con agarre medio",
    "bench-slingshot": "Press banca con slingshot",
    "bench_board": "Press banca con tabla",
    "bench_machine": "Press banca en máquina",
    "bench_pin": "Press banca con pin",
    "bench_press_barbell": "Press banca con barra",
    "bench_pushups": "Flexiones con apoyo en banco",
    "bent_over_row": "Remo con barra",
    "biceps": "Bíceps",
    "board-press": "Press con tabla",
    "bulgarian_split_squat": "Sentadilla búlgara",
    "bulgarian_split_squat_slow": "Sentadilla búlgara lenta",
    "cable_pull_through": "Pull-through en polea",
    "cable_upright_row": "Remo al mentón en polea",
    "calf_raise_proprioceptive": "Elevación de gemelos propioceptiva",
    "cruces": "Cruces en polea",
    "curl_alt": "Curl alterno",
    "curl_bar": "Curl con barra",
    "curl_elastico": "Curl con banda",
    "curl_fem": "Curl femoral",
    "curl_mart": "Curl martillo",
    "dbrow": "Remo con mancuernas",
    "deadlift": "Peso muerto",
    "deadlift-above-knees-blocks": "Peso muerto sobre las rodillas desde bloques",
    "deadlift-bands": "Peso muerto con bandas",
    "deadlift-blocks": "Peso muerto desde bloques",
    "deadlift-blocks-chains": "Peso muerto desde bloques con cadenas",
    "deadlift-chains": "Peso muerto con cadenas",
    "deadlift-knees-full": "Peso muerto hasta rodillas más peso muerto completo",
    "deadlift-pause-below-above": "Peso muerto con pausa debajo y encima de las rodillas",
    "deadlift-pause-knees": "Peso muerto con pausa en las rodillas",
    "deadlift-plus-below-knees": "Peso muerto más tirón desde debajo de las rodillas",
    "deadlift-snatch-grip": "Peso muerto con agarre de arrancada",
    "deadlift_barbell": "Peso muerto con barra",
    "deadlift_elevated": "Peso muerto elevado",
    "deadlift_isometric": "Peso muerto isométrico",
    "deadlift_partial_blocks": "Peso muerto parcial desde bloques",
    "decline-bench": "Press banca declinado",
    "deficit-deadlift": "Peso muerto con déficit",
    "dips": "Fondos en paralelas",
    "dumbbell-bench": "Press banca con mancuernas",
    "dumbbell_rdl": "Peso muerto rumano con mancuernas",
    "elev_front": "Elevaciones frontales",
    "elev_lat": "Elevaciones laterales",
    "elev_post": "Elevaciones posteriores",
    "ext_polea": "Extensión de tríceps en polea",
    "ext_quad": "Extensión de cuádriceps",
    "face_pull": "Face pull",
    "french-press": "Press francés",
    "french_press_band": "Press francés con banda",
    "french_press_bench": "Press francés en banco",
    "front-delts": "Deltoides frontales",
    "front-squat": "Sentadilla frontal",
    "front_squat": "Sentadilla frontal",
    "gemelo_pie": "Elevación de gemelos de pie",
    "gemelo_sent": "Elevación de gemelos sentado",
    "gironda_row": "Remo Gironda",
    "goodmorning": "Buenos días",
    "goodmorning-seated": "Buenos días sentado",
    "hack_squat": "Sentadilla hack",
    "hammer_curl": "Curl martillo",
    "hip_thrust": "Hip thrust",
    "horizontal_leg_press": "Prensa horizontal",
    "hyperextension": "Hiperextensión",
    "hyperextensions": "Hiperextensiones",
    "incline-shoulder-press": "Press de hombro inclinado sentado",
    "incline_bench": "Press inclinado con barra",
    "incline_curl": "Curl inclinado",
    "incline_db_press": "Press inclinado con mancuernas",
    "incline_leg_press": "Prensa inclinada",
    "incline_machine_press": "Press inclinado en máquina",
    "incline_press_smith": "Press inclinado en multipower",
    "incline_row": "Remo inclinado",
    "jalon": "Jalón al pecho",
    "lat_pulldown": "Jalón al pecho",
    "lat_pulldown_neutral": "Jalón al pecho con agarre neutro",
    "lateral_raise": "Elevaciones laterales",
    "lateral_raise_band": "Elevaciones laterales con banda",
    "lateral_raise_seated": "Elevaciones laterales sentado",
    "latpulldown": "Jalón al pecho",
    "lats": "Dorsales",
    "leg-curls": "Curl femoral",
    "leg-extensions": "Extensión de cuádriceps",
    "leg-press": "Prensa de piernas",
    "leg_curl_prone": "Curl femoral tumbado",
    "leg_press_gem": "Gemelo en prensa",
    "leg_press_isometric": "Prensa isométrica",
    "lying_bicep_curl": "Curl de bíceps tumbado",
    "machine_lat_pulldown": "Jalón en máquina",
    "machine_preacher_curl": "Curl predicador en máquina",
    "machine_row": "Remo en máquina",
    "medial-delts": "Deltoides laterales",
    "ohp": "Press militar",
    "one_arm_row": "Remo unilateral con mancuerna",
    "paused-bench-2s": "Press banca con pausa de 2 segundos",
    "paused-bench-3s": "Press banca con pausa de 3 segundos",
    "paused-squat-2s": "Sentadilla con pausa de 2 segundos",
    "pec_deck": "Contractora de pectoral",
    "pecs": "Pectorales",
    "pin_squat": "Sentadilla desde pines",
    "plank": "Plancha",
    "prensa": "Prensa de piernas",
    "press_franc": "Press francés",
    "press_mil": "Press militar",
    "pulley_band_seated": "Remo sentado con banda",
    "pullup": "Dominadas",
    "pushup_isometric": "Flexión isométrica",
    "rear-delts": "Deltoides posteriores",
    "rear_delt_band": "Deltoides posterior con banda",
    "remo_bar": "Remo con barra",
    "reverse-hyperextensions": "Hiperextensiones inversas",
    "reverse_plank": "Plancha inversa",
    "seal_row": "Remo en banco",
    "seated-rowing": "Remo sentado",
    "seated_leg_curl": "Curl femoral sentado",
    "seated_row": "Remo sentado",
    "shoulder_press_machine": "Press de hombro en máquina",
    "sit_up_decline": "Abdominal en banco declinado",
    "skullcrusher": "Extensión de tríceps tumbado",
    "speed-bench": "Press banca de velocidad",
    "squat": "Sentadilla",
    "squat-chains": "Sentadilla con cadenas",
    "squat-pause-halfway-down": "Sentadilla con pausa a media bajada",
    "squat_barbell": "Sentadilla con barra",
    "squat_bodyweight": "Sentadilla con peso corporal",
    "standing_calf_raise": "Elevación de gemelos de pie",
    "t_bar_row": "Remo en T",
    "triceps-pushdowns": "Extensión de tríceps en polea",
    "triceps-standing": "Extensión de tríceps de pie",
    "triceps_extension": "Extensión de tríceps",
    "triceps_pushdown": "Extensión de tríceps en polea",
    "zancadas": "Zancadas",
  },
  "seeds": {
    "365-programmare-lipertrofia": {
      "exerciseIds": [
        "apert",
        "bench",
        "bench_board",
        "bench_pin",
        "bulgarian_split_squat",
        "curl_elastico",
        "curl_fem",
        "deadlift",
        "deadlift_elevated",
        "deadlift_partial_blocks",
        "ext_quad",
        "french_press_band",
        "front_squat",
        "gemelo_pie",
        "incline_db_press",
        "lateral_raise_seated",
        "one_arm_row",
        "pin_squat",
        "prensa",
        "rear_delt_band",
        "seal_row",
        "squat",
      ],
      "fields": {
        "acc_incline_db_press": "Press inclinado con mancuernas",
        "acc_one_arm_row": "Remo unilateral con mancuerna",
        "acc_seal_row": "Remo en banco",
        "bench_jaw_b1_tm": "Press banca · máximo de entrenamiento del bloque 1",
        "bench_jaw_b2_tm": "Press banca · máximo de entrenamiento del bloque 2",
        "bench_jaw_b3_tm": "Press banca · máximo de entrenamiento del bloque 3",
        "bench_tm": "Press banca · máximo de entrenamiento",
        "deadlift_jaw_b1_tm": "Peso muerto · máximo de entrenamiento del bloque 1",
        "deadlift_jaw_b2_tm": "Peso muerto · máximo de entrenamiento del bloque 2",
        "deadlift_jaw_b3_tm": "Peso muerto · máximo de entrenamiento del bloque 3",
        "deadlift_tm": "Peso muerto · máximo de entrenamiento",
        "fz_bench_start": "Press banca · peso inicial de la Fase Cero",
        "fz_deadlift_start": "Peso muerto · peso inicial de la Fase Cero",
        "fz_squat_start": "Sentadilla · peso inicial de la Fase Cero",
        "squat_jaw_b1_tm": "Sentadilla · máximo de entrenamiento del bloque 1",
        "squat_jaw_b2_tm": "Sentadilla · máximo de entrenamiento del bloque 2",
        "squat_jaw_b3_tm": "Sentadilla · máximo de entrenamiento del bloque 3",
        "squat_tm": "Sentadilla · máximo de entrenamiento",
      },
      "options": {},
    },
    "531-boring-but-big": {
      "exerciseIds": [
        "bench",
        "deadlift",
        "ohp",
        "squat",
      ],
      "fields": {
        "bench_tm": "Press banca · máximo de entrenamiento",
        "deadlift_tm": "Peso muerto · máximo de entrenamiento",
        "ohp_tm": "Press militar · máximo de entrenamiento",
        "squat_tm": "Sentadilla · máximo de entrenamiento",
      },
      "options": {},
    },
    "531-for-beginners": {
      "exerciseIds": [
        "bench",
        "deadlift",
        "ohp",
        "squat",
      ],
      "fields": {
        "bench_tm": "Press banca · máximo de entrenamiento",
        "deadlift_tm": "Peso muerto · máximo de entrenamiento",
        "ohp_tm": "Press militar · máximo de entrenamiento",
        "squat_tm": "Sentadilla · máximo de entrenamiento",
      },
      "options": {},
    },
    "caparazon-de-tortuga": {
      "exerciseIds": [
        "bench_press_barbell",
        "bench_pushups",
        "bulgarian_split_squat_slow",
        "calf_raise_proprioceptive",
        "deadlift_barbell",
        "deadlift_isometric",
        "deadlift_partial_blocks",
        "french_press_bench",
        "hyperextension",
        "lateral_raise_band",
        "leg_curl_prone",
        "leg_press_isometric",
        "plank",
        "pulley_band_seated",
        "pushup_isometric",
        "rear_delt_band",
        "reverse_plank",
        "sit_up_decline",
        "squat_barbell",
        "squat_bodyweight",
      ],
      "fields": {
        "bench_start": "Press banca · peso inicial en la semana 5",
        "bodyweight": "Peso corporal",
        "deadlift_start": "Peso muerto · peso inicial en la semana 5",
        "gender": "Sexo para calcular objetivos",
        "rounding": "Redondeo de pesos",
        "squat_start": "Sentadilla · peso inicial en la semana 5",
      },
      "options": {
        "gender:female": "Mujer · objetivo: el 70 % del peso corporal en la barra",
        "gender:male": "Hombre · objetivo: el 100 % del peso corporal en la barra",
        "rounding:1.25": "1,25 kg",
        "rounding:2.5": "2,5 kg",
      },
    },
    "furia-oscura": {
      "exerciseIds": [
        "barbell_rdl",
        "bench_machine",
        "bulgarian_split_squat",
        "cable_upright_row",
        "cruces",
        "curl_fem",
        "dbrow",
        "dips",
        "ext_quad",
        "face_pull",
        "gemelo_sent",
        "gironda_row",
        "hack_squat",
        "hammer_curl",
        "hip_thrust",
        "horizontal_leg_press",
        "incline_leg_press",
        "incline_machine_press",
        "incline_press_smith",
        "lat_pulldown_neutral",
        "lateral_raise",
        "leg_press_gem",
        "machine_lat_pulldown",
        "machine_preacher_curl",
        "machine_row",
        "pec_deck",
        "shoulder_press_machine",
        "skullcrusher",
        "t_bar_row",
        "triceps_extension",
      ],
      "fields": {
        "barbell_rdl_legs_a": "Peso muerto rumano con barra · Piernas A",
        "bench_machine_push_a": "Press banca en máquina · Empuje A",
        "bulgarian_split_squat_legs_a": "Sentadilla búlgara · Piernas A",
        "cable_upright_row_pull_b": "Remo al mentón en polea · Tirón B",
        "cruces_push_b": "Cruces en polea · Empuje B",
        "curl_fem_legs_b": "Curl femoral · Piernas B",
        "dbrow_pull_b": "Remo con mancuernas · Tirón B",
        "dips_push_b": "Fondos en paralelas · Empuje B",
        "ext_quad_legs_a": "Extensión de cuádriceps · Piernas A",
        "face_pull_pull_a": "Face pull · Tirón A",
        "gemelo_sent_legs_a": "Elevación de gemelos sentado · Piernas A",
        "gironda_row_pull_a": "Remo Gironda · Tirón A",
        "hack_squat_legs_b": "Sentadilla hack · Piernas B",
        "hammer_curl_pull_b": "Curl martillo · Tirón B",
        "hip_thrust_legs_b": "Hip thrust · Piernas B",
        "horizontal_leg_press_legs_b": "Prensa horizontal · Piernas B",
        "incline_leg_press_legs_a": "Prensa inclinada · Piernas A",
        "incline_machine_press_push_b": "Press inclinado en máquina · Empuje B",
        "incline_press_smith_push_a": "Press inclinado en multipower · Empuje A",
        "lat_pulldown_neutral_pull_a": "Jalón al pecho con agarre neutro · Tirón A",
        "lateral_raise_push_a": "Elevaciones laterales · Empuje A",
        "leg_press_gem_legs_b": "Gemelo en prensa · Piernas B",
        "machine_lat_pulldown_pull_b": "Jalón en máquina · Tirón B",
        "machine_preacher_curl_pull_a": "Curl predicador en máquina · Tirón A",
        "machine_row_pull_a": "Remo en máquina · Tirón A",
        "pec_deck_push_a": "Contractora de pectoral · Empuje A",
        "shoulder_press_machine_push_b": "Press de hombro en máquina · Empuje B",
        "skullcrusher_push_b": "Extensión de tríceps tumbado · Empuje B",
        "t_bar_row_pull_b": "Remo en T · Tirón B",
        "triceps_extension_push_a": "Extensión de tríceps · Empuje A",
      },
      "options": {},
    },
    "gzclp": {
      "exerciseIds": [
        "bench",
        "dbrow",
        "deadlift",
        "latpulldown",
        "ohp",
        "squat",
      ],
      "fields": {
        "bench": "Press banca",
        "dbrow": "Remo con mancuernas",
        "deadlift": "Peso muerto",
        "latpulldown": "Jalón al pecho",
        "ohp": "Press militar",
        "squat": "Sentadilla",
      },
      "options": {},
    },
    "hexan-ppl": {
      "exerciseIds": [
        "barbell_rdl",
        "bench",
        "bent_over_row",
        "bulgarian_split_squat",
        "cable_pull_through",
        "deadlift",
        "dumbbell_rdl",
        "face_pull",
        "hammer_curl",
        "incline_curl",
        "incline_db_press",
        "incline_row",
        "lat_pulldown",
        "lateral_raise",
        "lying_bicep_curl",
        "ohp",
        "pullup",
        "seated_leg_curl",
        "seated_row",
        "squat",
        "standing_calf_raise",
        "triceps_extension",
        "triceps_pushdown",
      ],
      "fields": {
        "barbell_rdl": "Peso muerto rumano con barra",
        "bench_tm": "Press banca · máximo de entrenamiento",
        "bent_over_row": "Remo con barra",
        "bulgarian_split_squat": "Sentadilla búlgara",
        "cable_pull_through": "Pull-through en polea",
        "deadlift_tm": "Peso muerto · máximo de entrenamiento",
        "dumbbell_rdl": "Peso muerto rumano con mancuernas",
        "face_pull": "Face pull",
        "hammer_curl_a": "Curl martillo · Tirón A",
        "hammer_curl_b": "Curl martillo · Tirón B",
        "incline_curl": "Curl inclinado",
        "incline_db_press": "Press inclinado con mancuernas",
        "incline_row": "Remo inclinado",
        "lat_pulldown": "Jalón al pecho",
        "lateral_raise": "Elevaciones laterales",
        "lying_bicep_curl": "Curl de bíceps tumbado",
        "ohp_tm": "Press militar · máximo de entrenamiento",
        "pullup_tm": "Dominadas · máximo de entrenamiento",
        "seated_leg_curl": "Curl femoral sentado",
        "seated_row": "Remo sentado",
        "squat_tm": "Sentadilla · máximo de entrenamiento",
        "standing_calf_raise": "Elevación de gemelos de pie",
        "triceps_extension": "Extensión de tríceps",
        "triceps_pushdown": "Extensión de tríceps en polea",
      },
      "options": {},
    },
    "la-sala-del-tiempo": {
      "exerciseIds": [
        "apert",
        "bench",
        "bench_board",
        "bench_pin",
        "bulgarian_split_squat",
        "curl_elastico",
        "curl_fem",
        "deadlift",
        "deadlift_elevated",
        "deadlift_partial_blocks",
        "ext_quad",
        "french_press_band",
        "front_squat",
        "incline_db_press",
        "lateral_raise_seated",
        "one_arm_row",
        "pin_squat",
        "prensa",
        "rear_delt_band",
        "seal_row",
        "squat",
      ],
      "fields": {
        "acc_incline_db_press": "Press inclinado con mancuernas",
        "acc_one_arm_row": "Remo unilateral con mancuerna",
        "acc_seal_row": "Remo en banco",
        "bench_jaw_b1_tm": "Press banca · máximo de entrenamiento del bloque 1",
        "bench_jaw_b2_tm": "Press banca · máximo de entrenamiento del bloque 2",
        "bench_jaw_b3_tm": "Press banca · máximo de entrenamiento del bloque 3",
        "bench_tm": "Press banca · máximo de entrenamiento",
        "deadlift_jaw_b1_tm": "Peso muerto · máximo de entrenamiento del bloque 1",
        "deadlift_jaw_b2_tm": "Peso muerto · máximo de entrenamiento del bloque 2",
        "deadlift_jaw_b3_tm": "Peso muerto · máximo de entrenamiento del bloque 3",
        "deadlift_tm": "Peso muerto · máximo de entrenamiento",
        "squat_jaw_b1_tm": "Sentadilla · máximo de entrenamiento del bloque 1",
        "squat_jaw_b2_tm": "Sentadilla · máximo de entrenamiento del bloque 2",
        "squat_jaw_b3_tm": "Sentadilla · máximo de entrenamiento del bloque 3",
        "squat_tm": "Sentadilla · máximo de entrenamiento",
      },
      "options": {},
    },
    "nivel-7": {
      "exerciseIds": [
        "apert",
        "bench",
        "cruces",
        "curl_alt",
        "curl_bar",
        "curl_fem",
        "curl_mart",
        "deadlift",
        "elev_front",
        "elev_lat",
        "elev_post",
        "ext_polea",
        "ext_quad",
        "face_pull",
        "gemelo_pie",
        "gemelo_sent",
        "hip_thrust",
        "jalon",
        "leg_press_gem",
        "prensa",
        "press_franc",
        "press_mil",
        "remo_bar",
        "squat",
        "zancadas",
      ],
      "fields": {
        "apert": "Aperturas con mancuernas",
        "bench": "Press banca · récord objetivo de la semana 6",
        "cruces": "Cruces en polea",
        "curl_alt": "Curl alterno",
        "curl_bar": "Curl con barra",
        "curl_fem": "Curl femoral",
        "curl_mart": "Curl martillo",
        "deadlift": "Peso muerto · récord objetivo de la semana 6",
        "elev_front": "Elevaciones frontales",
        "elev_lat": "Elevaciones laterales",
        "elev_post": "Elevaciones posteriores",
        "ext_polea": "Extensión de tríceps en polea",
        "ext_quad": "Extensión de cuádriceps",
        "face_pull": "Face pull",
        "gemelo_pie": "Elevación de gemelos de pie",
        "gemelo_sent": "Elevación de gemelos sentado",
        "hip_thrust": "Hip thrust",
        "jalon": "Jalón al pecho",
        "leg_press_gem": "Gemelo en prensa",
        "prensa": "Prensa de piernas",
        "press_franc": "Press francés",
        "press_mil": "Press militar · récord objetivo de la semana 6",
        "remo_bar": "Remo con barra",
        "squat": "Sentadilla · récord objetivo de la semana 6",
        "zancadas": "Zancadas",
      },
      "options": {},
    },
    "phraks-greyskull-lp": {
      "exerciseIds": [
        "bench",
        "bent_over_row",
        "deadlift",
        "ohp",
        "pullup",
        "squat",
      ],
      "fields": {
        "bench": "Press banca",
        "bent_over_row": "Remo con barra",
        "deadlift": "Peso muerto",
        "ohp": "Press militar",
        "pullup": "Dominadas · peso añadido",
        "squat": "Sentadilla",
      },
      "options": {},
    },
    "phul": {
      "exerciseIds": [
        "apert",
        "bench",
        "bent_over_row",
        "curl_bar",
        "curl_fem",
        "dbrow",
        "deadlift",
        "ext_quad",
        "front_squat",
        "gemelo_sent",
        "incline_bench",
        "incline_curl",
        "incline_db_press",
        "lat_pulldown",
        "lateral_raise",
        "leg_press_gem",
        "ohp",
        "prensa",
        "seated_row",
        "skullcrusher",
        "squat",
        "standing_calf_raise",
        "triceps_extension",
        "zancadas",
      ],
      "fields": {
        "apert": "Aperturas con mancuernas",
        "bench": "Press banca",
        "bent_over_row": "Remo con barra",
        "curl_bar": "Curl con barra",
        "curl_fem_hyp": "Curl femoral · hipertrofia",
        "curl_fem_power": "Curl femoral · fuerza",
        "dbrow": "Remo con mancuernas",
        "deadlift": "Peso muerto",
        "ext_quad": "Extensión de cuádriceps",
        "front_squat": "Sentadilla frontal",
        "gemelo_sent": "Elevación de gemelos sentado",
        "incline_bench": "Press inclinado con barra",
        "incline_curl": "Curl inclinado",
        "incline_db_press": "Press inclinado con mancuernas",
        "lat_pulldown": "Jalón al pecho",
        "lateral_raise": "Elevaciones laterales",
        "leg_press_gem": "Gemelo en prensa",
        "ohp": "Press militar",
        "prensa": "Prensa de piernas",
        "seated_row": "Remo sentado",
        "skullcrusher": "Extensión de tríceps tumbado",
        "squat": "Sentadilla",
        "standing_calf_raise": "Elevación de gemelos de pie",
        "triceps_extension": "Extensión de tríceps",
        "zancadas": "Zancadas",
      },
      "options": {},
    },
    "sala-del-tiempo-1": {
      "exerciseIds": [
        "apert",
        "bench",
        "bench_board",
        "bench_pin",
        "deadlift",
        "deadlift_partial_blocks",
        "incline_db_press",
        "one_arm_row",
        "pin_squat",
        "squat",
      ],
      "fields": {
        "acc_incline_db_press": "Press inclinado con mancuernas",
        "acc_one_arm_row": "Remo unilateral con mancuerna",
        "acc_seal_row": "Remo en banco",
        "bench_tm": "Press banca · máximo de entrenamiento",
        "deadlift_tm": "Peso muerto · máximo de entrenamiento",
        "squat_tm": "Sentadilla · máximo de entrenamiento",
      },
      "options": {},
    },
    "sala-del-tiempo-2": {
      "exerciseIds": [
        "apert",
        "bench",
        "bench_board",
        "bench_pin",
        "deadlift",
        "deadlift_elevated",
        "incline_db_press",
        "one_arm_row",
        "pin_squat",
        "squat",
      ],
      "fields": {
        "acc_incline_db_press": "Press inclinado con mancuernas",
        "acc_one_arm_row": "Remo unilateral con mancuerna",
        "acc_seal_row": "Remo en banco",
        "bench_tm": "Press banca · máximo de entrenamiento",
        "deadlift_tm": "Peso muerto · máximo de entrenamiento",
        "squat_tm": "Sentadilla · máximo de entrenamiento",
      },
      "options": {},
    },
    "sala-del-tiempo-3": {
      "exerciseIds": [
        "bench",
        "bulgarian_split_squat",
        "curl_elastico",
        "deadlift",
        "deadlift_elevated",
        "french_press_band",
        "incline_db_press",
        "rear_delt_band",
        "seal_row",
        "squat",
      ],
      "fields": {
        "acc_incline_db_press": "Press inclinado con mancuernas",
        "acc_one_arm_row": "Remo unilateral con mancuerna",
        "acc_seal_row": "Remo en banco",
        "bench_jaw_b1_tm": "Press banca · máximo de entrenamiento del bloque 1",
        "bench_jaw_b2_tm": "Press banca · máximo de entrenamiento del bloque 2",
        "bench_jaw_b3_tm": "Press banca · máximo de entrenamiento del bloque 3",
        "deadlift_jaw_b1_tm": "Peso muerto · máximo de entrenamiento del bloque 1",
        "deadlift_jaw_b2_tm": "Peso muerto · máximo de entrenamiento del bloque 2",
        "deadlift_jaw_b3_tm": "Peso muerto · máximo de entrenamiento del bloque 3",
        "squat_jaw_b1_tm": "Sentadilla · máximo de entrenamiento del bloque 1",
        "squat_jaw_b2_tm": "Sentadilla · máximo de entrenamiento del bloque 2",
        "squat_jaw_b3_tm": "Sentadilla · máximo de entrenamiento del bloque 3",
      },
      "options": {},
    },
    "stronglifts-5x5": {
      "exerciseIds": [
        "bench",
        "bent_over_row",
        "deadlift",
        "ohp",
        "squat",
      ],
      "fields": {
        "bench": "Press banca",
        "bent_over_row": "Remo con barra",
        "deadlift": "Peso muerto",
        "ohp": "Press militar",
        "squat": "Sentadilla",
      },
      "options": {},
    },
    "tenkaichi-budokai-peso-muerto": {
      "exerciseIds": [
        "abs",
        "bench",
        "bench-bands",
        "bench-chains",
        "bench-slingshot",
        "board-press",
        "deadlift",
        "deadlift-bands",
        "deadlift-blocks",
        "deadlift-blocks-chains",
        "deadlift-chains",
        "deadlift-knees-full",
        "deadlift-pause-knees",
        "deadlift-plus-below-knees",
        "deadlift-snatch-grip",
        "decline-bench",
        "deficit-deadlift",
        "dumbbell-bench",
        "front-delts",
        "goodmorning",
        "goodmorning-seated",
        "hyperextensions",
        "incline-shoulder-press",
        "lats",
        "leg-curls",
        "leg-extensions",
        "leg-press",
        "medial-delts",
        "paused-bench-2s",
        "paused-bench-3s",
        "paused-squat-2s",
        "pecs",
        "reverse-hyperextensions",
        "speed-bench",
        "squat",
        "squat-chains",
        "squat-pause-halfway-down",
        "triceps-pushdowns",
        "triceps-standing",
      ],
      "fields": {
        "bench1rm": "Press banca · 1RM",
        "deadlift1rm": "Peso muerto · 1RM",
        "rounding": "Redondeo de pesos",
        "squat1rm": "Sentadilla · 1RM",
      },
      "options": {
        "rounding:1.25": "1,25 kg",
        "rounding:2.5": "2,5 kg",
      },
    },
    "tenkaichi-budokai-press-banca": {
      "exerciseIds": [
        "abs",
        "bench",
        "bench-bands",
        "bench-chains",
        "bench-slingshot",
        "board-press",
        "deadlift",
        "deadlift-blocks",
        "deadlift-blocks-chains",
        "deadlift-chains",
        "deadlift-knees-full",
        "deadlift-pause-knees",
        "deadlift-plus-below-knees",
        "decline-bench",
        "deficit-deadlift",
        "dumbbell-bench",
        "front-delts",
        "goodmorning",
        "goodmorning-seated",
        "hyperextensions",
        "incline-shoulder-press",
        "lats",
        "leg-curls",
        "leg-extensions",
        "leg-press",
        "medial-delts",
        "paused-bench-2s",
        "paused-bench-3s",
        "paused-squat-2s",
        "pecs",
        "reverse-hyperextensions",
        "speed-bench",
        "squat",
        "squat-chains",
        "squat-pause-halfway-down",
        "triceps-pushdowns",
        "triceps-standing",
      ],
      "fields": {
        "bench1rm": "Press banca · 1RM",
        "deadlift1rm": "Peso muerto · 1RM",
        "rounding": "Redondeo de pesos",
        "squat1rm": "Sentadilla · 1RM",
      },
      "options": {
        "rounding:1.25": "1,25 kg",
        "rounding:2.5": "2,5 kg",
      },
    },
    "tenkaichi-budokai-sentadilla": {
      "exerciseIds": [
        "abs",
        "bench",
        "bench-bands",
        "bench-chains",
        "bench-slingshot",
        "board-press",
        "deadlift",
        "deadlift-bands",
        "deadlift-blocks",
        "deadlift-chains",
        "deadlift-knees-full",
        "deadlift-pause-knees",
        "deadlift-plus-below-knees",
        "deficit-deadlift",
        "dumbbell-bench",
        "front-delts",
        "goodmorning",
        "goodmorning-seated",
        "hyperextensions",
        "incline-shoulder-press",
        "lats",
        "leg-curls",
        "leg-extensions",
        "leg-press",
        "medial-delts",
        "paused-bench-2s",
        "paused-bench-3s",
        "paused-squat-2s",
        "pecs",
        "reverse-hyperextensions",
        "squat",
        "squat-chains",
        "squat-pause-halfway-down",
        "triceps-pushdowns",
        "triceps-standing",
      ],
      "fields": {
        "bench1rm": "Press banca · 1RM",
        "deadlift1rm": "Peso muerto · 1RM",
        "rounding": "Redondeo de pesos",
        "squat1rm": "Sentadilla · 1RM",
      },
      "options": {
        "rounding:1.25": "1,25 kg",
        "rounding:2.5": "2,5 kg",
      },
    },
    "tenkaichi-budokai-solo-banca": {
      "exerciseIds": [
        "abs",
        "bench",
        "bench-bands",
        "bench-chains",
        "bench-slingshot",
        "biceps",
        "board-press",
        "dips",
        "dumbbell-bench",
        "front-delts",
        "goodmorning",
        "goodmorning-seated",
        "hyperextensions",
        "incline-shoulder-press",
        "lats",
        "leg-extensions",
        "leg-press",
        "medial-delts",
        "paused-bench-2s",
        "paused-bench-3s",
        "pecs",
        "rear-delts",
        "reverse-hyperextensions",
        "seated-rowing",
        "speed-bench",
        "squat",
        "triceps-pushdowns",
        "triceps-standing",
      ],
      "fields": {
        "bench1rm": "Press banca · 1RM",
        "rounding": "Redondeo de pesos",
      },
      "options": {
        "rounding:1.25": "1,25 kg",
        "rounding:2.5": "2,5 kg",
      },
    },
    "tenkaichi-budokai-veterano": {
      "exerciseIds": [
        "abs",
        "bench",
        "bench-chains",
        "bench-close-grip",
        "bench-middle-grip",
        "board-press",
        "deadlift",
        "deadlift-above-knees-blocks",
        "deadlift-blocks",
        "deadlift-blocks-chains",
        "deadlift-chains",
        "deadlift-pause-below-above",
        "deadlift-pause-knees",
        "deadlift-plus-below-knees",
        "deficit-deadlift",
        "dips",
        "dumbbell-bench",
        "french-press",
        "front-squat",
        "goodmorning",
        "goodmorning-seated",
        "hyperextensions",
        "incline-shoulder-press",
        "lats",
        "leg-extensions",
        "leg-press",
        "medial-delts",
        "pecs",
        "reverse-hyperextensions",
        "squat",
        "squat-pause-halfway-down",
        "triceps-standing",
      ],
      "fields": {
        "bench1rm": "Press banca · 1RM",
        "deadlift1rm": "Peso muerto · 1RM",
        "rounding": "Redondeo de pesos",
        "squat1rm": "Sentadilla · 1RM",
      },
      "options": {
        "rounding:1.25": "1,25 kg",
        "rounding:2.5": "2,5 kg",
      },
    },
  },
}
`;
